Archive member included because of file (symbol)

/usr/lib/gcc/avr/4.7.2/../../../avr/lib/avr5/libprintf_flt.a(vfprintf_flt.o)
                              (vfprintf)
/usr/lib/gcc/avr/4.7.2/../../../avr/lib/avr5/libm.a(addsf3.o)
                              main.o (__subsf3)
/usr/lib/gcc/avr/4.7.2/../../../avr/lib/avr5/libm.a(addsf3x.o)
                              /usr/lib/gcc/avr/4.7.2/../../../avr/lib/avr5/libm.a(addsf3.o) (__addsf3x)
/usr/lib/gcc/avr/4.7.2/../../../avr/lib/avr5/libm.a(cmpsf2.o)
                              main.o (__ltsf2)
/usr/lib/gcc/avr/4.7.2/../../../avr/lib/avr5/libm.a(divsf3.o)
                              main.o (__divsf3)
/usr/lib/gcc/avr/4.7.2/../../../avr/lib/avr5/libm.a(divsf3x.o)
                              /usr/lib/gcc/avr/4.7.2/../../../avr/lib/avr5/libm.a(divsf3.o) (__divsf3x)
/usr/lib/gcc/avr/4.7.2/../../../avr/lib/avr5/libm.a(fixsfsi.o)
                              main.o (__fixsfsi)
/usr/lib/gcc/avr/4.7.2/../../../avr/lib/avr5/libm.a(fixunssfsi.o)
                              /usr/lib/gcc/avr/4.7.2/../../../avr/lib/avr5/libm.a(fixsfsi.o) (__fixunssfsi)
/usr/lib/gcc/avr/4.7.2/../../../avr/lib/avr5/libm.a(floatsisf.o)
                              main.o (__floatunsisf)
/usr/lib/gcc/avr/4.7.2/../../../avr/lib/avr5/libm.a(fp_cmp.o)
                              /usr/lib/gcc/avr/4.7.2/../../../avr/lib/avr5/libm.a(cmpsf2.o) (__fp_cmp)
/usr/lib/gcc/avr/4.7.2/../../../avr/lib/avr5/libm.a(fp_inf.o)
                              /usr/lib/gcc/avr/4.7.2/../../../avr/lib/avr5/libm.a(addsf3x.o) (__fp_inf)
/usr/lib/gcc/avr/4.7.2/../../../avr/lib/avr5/libm.a(fp_nan.o)
                              /usr/lib/gcc/avr/4.7.2/../../../avr/lib/avr5/libm.a(addsf3x.o) (__fp_nan)
/usr/lib/gcc/avr/4.7.2/../../../avr/lib/avr5/libm.a(fp_pscA.o)
                              /usr/lib/gcc/avr/4.7.2/../../../avr/lib/avr5/libm.a(addsf3x.o) (__fp_pscA)
/usr/lib/gcc/avr/4.7.2/../../../avr/lib/avr5/libm.a(fp_pscB.o)
                              /usr/lib/gcc/avr/4.7.2/../../../avr/lib/avr5/libm.a(addsf3x.o) (__fp_pscB)
/usr/lib/gcc/avr/4.7.2/../../../avr/lib/avr5/libm.a(fp_round.o)
                              /usr/lib/gcc/avr/4.7.2/../../../avr/lib/avr5/libm.a(addsf3.o) (__fp_round)
/usr/lib/gcc/avr/4.7.2/../../../avr/lib/avr5/libm.a(fp_split3.o)
                              /usr/lib/gcc/avr/4.7.2/../../../avr/lib/avr5/libm.a(addsf3x.o) (__fp_split3)
/usr/lib/gcc/avr/4.7.2/../../../avr/lib/avr5/libm.a(fp_zero.o)
                              /usr/lib/gcc/avr/4.7.2/../../../avr/lib/avr5/libm.a(addsf3x.o) (__fp_zero)
/usr/lib/gcc/avr/4.7.2/../../../avr/lib/avr5/libm.a(gesf2.o)
                              main.o (__gesf2)
/usr/lib/gcc/avr/4.7.2/../../../avr/lib/avr5/libm.a(mulsf3.o)
                              main.o (__mulsf3)
/usr/lib/gcc/avr/4.7.2/../../../avr/lib/avr5/libm.a(mulsf3x.o)
                              /usr/lib/gcc/avr/4.7.2/../../../avr/lib/avr5/libm.a(mulsf3.o) (__mulsf3x)
/usr/lib/gcc/avr/4.7.2/avr5/libgcc.a(_prologue.o)
                              /usr/lib/gcc/avr/4.7.2/../../../avr/lib/avr5/libprintf_flt.a(vfprintf_flt.o) (__prologue_saves__)
/usr/lib/gcc/avr/4.7.2/avr5/libgcc.a(_epilogue.o)
                              /usr/lib/gcc/avr/4.7.2/../../../avr/lib/avr5/libprintf_flt.a(vfprintf_flt.o) (__epilogue_restores__)
/usr/lib/gcc/avr/4.7.2/avr5/libgcc.a(_exit.o)
                              /usr/lib/gcc/avr/4.7.2/../../../avr/lib/avr5/crtm328p.o (exit)
/usr/lib/gcc/avr/4.7.2/avr5/libgcc.a(_copy_data.o)
                              main.o (__do_copy_data)
/usr/lib/gcc/avr/4.7.2/avr5/libgcc.a(_clear_bss.o)
                              main.o (__do_clear_bss)
/usr/lib/gcc/avr/4.7.2/../../../avr/lib/avr5/libc.a(ftoa_engine.o)
                              /usr/lib/gcc/avr/4.7.2/../../../avr/lib/avr5/libprintf_flt.a(vfprintf_flt.o) (__ftoa_engine)
/usr/lib/gcc/avr/4.7.2/../../../avr/lib/avr5/libc.a(strnlen_P.o)
                              /usr/lib/gcc/avr/4.7.2/../../../avr/lib/avr5/libprintf_flt.a(vfprintf_flt.o) (strnlen_P)
/usr/lib/gcc/avr/4.7.2/../../../avr/lib/avr5/libc.a(strnlen.o)
                              /usr/lib/gcc/avr/4.7.2/../../../avr/lib/avr5/libprintf_flt.a(vfprintf_flt.o) (strnlen)
/usr/lib/gcc/avr/4.7.2/../../../avr/lib/avr5/libc.a(fputc.o)
                              /usr/lib/gcc/avr/4.7.2/../../../avr/lib/avr5/libprintf_flt.a(vfprintf_flt.o) (fputc)
/usr/lib/gcc/avr/4.7.2/../../../avr/lib/avr5/libc.a(iob.o)
                              main.o (__iob)
/usr/lib/gcc/avr/4.7.2/../../../avr/lib/avr5/libc.a(printf.o)
                              main.o (printf)
/usr/lib/gcc/avr/4.7.2/../../../avr/lib/avr5/libc.a(puts.o)
                              main.o (puts)
/usr/lib/gcc/avr/4.7.2/../../../avr/lib/avr5/libc.a(snprintf.o)
                              main.o (snprintf)
/usr/lib/gcc/avr/4.7.2/../../../avr/lib/avr5/libc.a(ultoa_invert.o)
                              /usr/lib/gcc/avr/4.7.2/../../../avr/lib/avr5/libprintf_flt.a(vfprintf_flt.o) (__ultoa_invert)

Allocating common symbols
Common symbol       size              file

KD                  0x4               main.o
old_time            0x4               main.o
derivative          0x4               main.o
KP                  0x4               main.o
new_error           0x4               main.o
command             0x4               main.o
new_time            0x4               main.o
old_error           0x4               main.o
time                0x4               main.o
sec                 0x4               main.o
dt                  0x4               main.o
KI                  0x4               main.o
integral            0x4               main.o
__iob               0x6               /usr/lib/gcc/avr/4.7.2/../../../avr/lib/avr5/libc.a(iob.o)

Memory Configuration

Name             Origin             Length             Attributes
text             0x0000000000000000 0x0000000000020000 xr
data             0x0000000000800060 0x000000000000ffa0 rw !x
eeprom           0x0000000000810000 0x0000000000010000 rw !x
fuse             0x0000000000820000 0x0000000000000400 rw !x
lock             0x0000000000830000 0x0000000000000400 rw !x
signature        0x0000000000840000 0x0000000000000400 rw !x
*default*        0x0000000000000000 0xffffffffffffffff

Linker script and memory map

Address of section .data set to 0x800100
LOAD /usr/lib/gcc/avr/4.7.2/../../../avr/lib/avr5/crtm328p.o
LOAD main.o
LOAD lcd.o
LOAD /usr/lib/gcc/avr/4.7.2/../../../avr/lib/avr5/libprintf_flt.a
LOAD /usr/lib/gcc/avr/4.7.2/../../../avr/lib/avr5/libm.a
LOAD /usr/lib/gcc/avr/4.7.2/avr5/libgcc.a
LOAD /usr/lib/gcc/avr/4.7.2/../../../avr/lib/avr5/libc.a
LOAD /usr/lib/gcc/avr/4.7.2/avr5/libgcc.a

.hash
 *(.hash)

.dynsym
 *(.dynsym)

.dynstr
 *(.dynstr)

.gnu.version
 *(.gnu.version)

.gnu.version_d
 *(.gnu.version_d)

.gnu.version_r
 *(.gnu.version_r)

.rel.init
 *(.rel.init)

.rela.init
 *(.rela.init)

.rel.text
 *(.rel.text)
 *(.rel.text.*)
 *(.rel.gnu.linkonce.t*)

.rela.text
 *(.rela.text)
 *(.rela.text.*)
 *(.rela.gnu.linkonce.t*)

.rel.fini
 *(.rel.fini)

.rela.fini
 *(.rela.fini)

.rel.rodata
 *(.rel.rodata)
 *(.rel.rodata.*)
 *(.rel.gnu.linkonce.r*)

.rela.rodata
 *(.rela.rodata)
 *(.rela.rodata.*)
 *(.rela.gnu.linkonce.r*)

.rel.data
 *(.rel.data)
 *(.rel.data.*)
 *(.rel.gnu.linkonce.d*)

.rela.data
 *(.rela.data)
 *(.rela.data.*)
 *(.rela.gnu.linkonce.d*)

.rel.ctors
 *(.rel.ctors)

.rela.ctors
 *(.rela.ctors)

.rel.dtors
 *(.rel.dtors)

.rela.dtors
 *(.rela.dtors)

.rel.got
 *(.rel.got)

.rela.got
 *(.rela.got)

.rel.bss
 *(.rel.bss)

.rela.bss
 *(.rela.bss)

.rel.plt
 *(.rel.plt)

.rela.plt
 *(.rela.plt)

.text           0x0000000000000000     0x1ad2
 *(.vectors)
 .vectors       0x0000000000000000       0x68 /usr/lib/gcc/avr/4.7.2/../../../avr/lib/avr5/crtm328p.o
                0x0000000000000000                __vectors
                0x0000000000000000                __vector_default
 *(.vectors)
 *(.progmem.gcc*)
 *(.progmem*)
 .progmem.data  0x0000000000000068        0x8 /usr/lib/gcc/avr/4.7.2/../../../avr/lib/avr5/libprintf_flt.a(vfprintf_flt.o)
 .progmem.data  0x0000000000000070       0xfa /usr/lib/gcc/avr/4.7.2/../../../avr/lib/avr5/libc.a(ftoa_engine.o)
                0x000000000000016a                . = ALIGN (0x2)
                0x000000000000016a                __trampolines_start = .
 *(.trampolines)
 .trampolines   0x000000000000016a        0x0 linker stubs
 *(.trampolines*)
                0x000000000000016a                __trampolines_end = .
 *(.jumptables)
 *(.jumptables*)
 *(.lowtext)
 *(.lowtext*)
                0x000000000000016a                __ctors_start = .
 *(.ctors)
                0x000000000000016a                __ctors_end = .
                0x000000000000016a                __dtors_start = .
 *(.dtors)
                0x000000000000016a                __dtors_end = .
 SORT(*)(.ctors)
 SORT(*)(.dtors)
 *(.init0)
 .init0         0x000000000000016a        0x0 /usr/lib/gcc/avr/4.7.2/../../../avr/lib/avr5/crtm328p.o
                0x000000000000016a                __init
 *(.init0)
 *(.init1)
 *(.init1)
 *(.init2)
 .init2         0x000000000000016a        0xc /usr/lib/gcc/avr/4.7.2/../../../avr/lib/avr5/crtm328p.o
 *(.init2)
 *(.init3)
 *(.init3)
 *(.init4)
 .init4         0x0000000000000176       0x16 /usr/lib/gcc/avr/4.7.2/avr5/libgcc.a(_copy_data.o)
                0x0000000000000176                __do_copy_data
 .init4         0x000000000000018c       0x10 /usr/lib/gcc/avr/4.7.2/avr5/libgcc.a(_clear_bss.o)
                0x000000000000018c                __do_clear_bss
 *(.init4)
 *(.init5)
 *(.init5)
 *(.init6)
 *(.init6)
 *(.init7)
 *(.init7)
 *(.init8)
 *(.init8)
 *(.init9)
 .init9         0x000000000000019c        0x8 /usr/lib/gcc/avr/4.7.2/../../../avr/lib/avr5/crtm328p.o
 *(.init9)
 *(.text)
 .text          0x00000000000001a4        0x4 /usr/lib/gcc/avr/4.7.2/../../../avr/lib/avr5/crtm328p.o
                0x00000000000001a4                __vector_22
                0x00000000000001a4                __vector_1
                0x00000000000001a4                __vector_24
                0x00000000000001a4                __vector_12
                0x00000000000001a4                __bad_interrupt
                0x00000000000001a4                __vector_6
                0x00000000000001a4                __vector_3
                0x00000000000001a4                __vector_23
                0x00000000000001a4                __vector_25
                0x00000000000001a4                __vector_11
                0x00000000000001a4                __vector_13
                0x00000000000001a4                __vector_17
                0x00000000000001a4                __vector_19
                0x00000000000001a4                __vector_7
                0x00000000000001a4                __vector_5
                0x00000000000001a4                __vector_4
                0x00000000000001a4                __vector_9
                0x00000000000001a4                __vector_21
                0x00000000000001a4                __vector_15
                0x00000000000001a4                __vector_8
                0x00000000000001a4                __vector_14
                0x00000000000001a4                __vector_10
                0x00000000000001a4                __vector_18
                0x00000000000001a4                __vector_20
 .text          0x00000000000001a8      0x388 main.o
                0x00000000000001a8                uart_putchar
                0x00000000000001ba                adc_init
                0x00000000000001dc                adc_read
                0x000000000000020c                uart_init
                0x000000000000022e                uart_getchar
                0x000000000000023c                timer1_init
                0x0000000000000276                timer0_init
                0x0000000000000292                __vector_16
                0x00000000000002dc                seconds
                0x0000000000000302                millis
                0x0000000000000334                set_temp
                0x000000000000036a                get_temp
                0x0000000000000486                encoder_init
                0x00000000000004a8                enc_switch_state
                0x00000000000004b6                __vector_2
                0x00000000000004f4                get_counts
                0x0000000000000502                update_screen
 .text          0x0000000000000530      0x1b8 lcd.o
                0x0000000000000530                lcd_write_4
                0x000000000000055e                lcd_write_instruction_4d
                0x0000000000000576                new_line
                0x000000000000058a                lcd_write_character_4d
                0x00000000000005a2                lcd_write_string_4d
                0x00000000000005fa                lcd_init_4d
                0x00000000000006c0                hidden_main
 .text          0x00000000000006e8        0x0 /usr/lib/gcc/avr/4.7.2/../../../avr/lib/avr5/libprintf_flt.a(vfprintf_flt.o)
 .text          0x00000000000006e8        0x0 /usr/lib/gcc/avr/4.7.2/../../../avr/lib/avr5/libm.a(addsf3.o)
 .text          0x00000000000006e8        0x0 /usr/lib/gcc/avr/4.7.2/../../../avr/lib/avr5/libm.a(addsf3x.o)
 .text          0x00000000000006e8        0x0 /usr/lib/gcc/avr/4.7.2/../../../avr/lib/avr5/libm.a(cmpsf2.o)
 .text          0x00000000000006e8        0x0 /usr/lib/gcc/avr/4.7.2/../../../avr/lib/avr5/libm.a(divsf3.o)
 .text          0x00000000000006e8        0x0 /usr/lib/gcc/avr/4.7.2/../../../avr/lib/avr5/libm.a(divsf3x.o)
 .text          0x00000000000006e8        0x0 /usr/lib/gcc/avr/4.7.2/../../../avr/lib/avr5/libm.a(fixsfsi.o)
 .text          0x00000000000006e8        0x0 /usr/lib/gcc/avr/4.7.2/../../../avr/lib/avr5/libm.a(fixunssfsi.o)
 .text          0x00000000000006e8        0x0 /usr/lib/gcc/avr/4.7.2/../../../avr/lib/avr5/libm.a(floatsisf.o)
 .text          0x00000000000006e8        0x0 /usr/lib/gcc/avr/4.7.2/../../../avr/lib/avr5/libm.a(fp_cmp.o)
 .text          0x00000000000006e8        0x0 /usr/lib/gcc/avr/4.7.2/../../../avr/lib/avr5/libm.a(fp_inf.o)
 .text          0x00000000000006e8        0x0 /usr/lib/gcc/avr/4.7.2/../../../avr/lib/avr5/libm.a(fp_nan.o)
 .text          0x00000000000006e8        0x0 /usr/lib/gcc/avr/4.7.2/../../../avr/lib/avr5/libm.a(fp_pscA.o)
 .text          0x00000000000006e8        0x0 /usr/lib/gcc/avr/4.7.2/../../../avr/lib/avr5/libm.a(fp_pscB.o)
 .text          0x00000000000006e8        0x0 /usr/lib/gcc/avr/4.7.2/../../../avr/lib/avr5/libm.a(fp_round.o)
 .text          0x00000000000006e8        0x0 /usr/lib/gcc/avr/4.7.2/../../../avr/lib/avr5/libm.a(fp_split3.o)
 .text          0x00000000000006e8        0x0 /usr/lib/gcc/avr/4.7.2/../../../avr/lib/avr5/libm.a(fp_zero.o)
 .text          0x00000000000006e8        0x0 /usr/lib/gcc/avr/4.7.2/../../../avr/lib/avr5/libm.a(gesf2.o)
 .text          0x00000000000006e8        0x0 /usr/lib/gcc/avr/4.7.2/../../../avr/lib/avr5/libm.a(mulsf3.o)
 .text          0x00000000000006e8        0x0 /usr/lib/gcc/avr/4.7.2/../../../avr/lib/avr5/libm.a(mulsf3x.o)
 .text          0x00000000000006e8        0x0 /usr/lib/gcc/avr/4.7.2/avr5/libgcc.a(_prologue.o)
 .text          0x00000000000006e8        0x0 /usr/lib/gcc/avr/4.7.2/avr5/libgcc.a(_epilogue.o)
 .text          0x00000000000006e8        0x0 /usr/lib/gcc/avr/4.7.2/avr5/libgcc.a(_exit.o)
 .text          0x00000000000006e8        0x0 /usr/lib/gcc/avr/4.7.2/avr5/libgcc.a(_copy_data.o)
 .text          0x00000000000006e8        0x0 /usr/lib/gcc/avr/4.7.2/avr5/libgcc.a(_clear_bss.o)
 .text          0x00000000000006e8        0x0 /usr/lib/gcc/avr/4.7.2/../../../avr/lib/avr5/libc.a(ftoa_engine.o)
 .text          0x00000000000006e8        0x0 /usr/lib/gcc/avr/4.7.2/../../../avr/lib/avr5/libc.a(strnlen_P.o)
 .text          0x00000000000006e8        0x0 /usr/lib/gcc/avr/4.7.2/../../../avr/lib/avr5/libc.a(strnlen.o)
 .text          0x00000000000006e8        0x0 /usr/lib/gcc/avr/4.7.2/../../../avr/lib/avr5/libc.a(fputc.o)
 .text          0x00000000000006e8        0x0 /usr/lib/gcc/avr/4.7.2/../../../avr/lib/avr5/libc.a(iob.o)
 .text          0x00000000000006e8        0x0 /usr/lib/gcc/avr/4.7.2/../../../avr/lib/avr5/libc.a(printf.o)
 .text          0x00000000000006e8        0x0 /usr/lib/gcc/avr/4.7.2/../../../avr/lib/avr5/libc.a(puts.o)
 .text          0x00000000000006e8        0x0 /usr/lib/gcc/avr/4.7.2/../../../avr/lib/avr5/libc.a(snprintf.o)
 .text          0x00000000000006e8        0x0 /usr/lib/gcc/avr/4.7.2/../../../avr/lib/avr5/libc.a(ultoa_invert.o)
                0x00000000000006e8                . = ALIGN (0x2)
 *(.text.*)
 .text.startup  0x00000000000006e8      0x45a main.o
                0x00000000000006e8                main
 .text.avr-libc
                0x0000000000000b42      0x708 /usr/lib/gcc/avr/4.7.2/../../../avr/lib/avr5/libprintf_flt.a(vfprintf_flt.o)
                0x0000000000000b42                vfprintf
 .text.avr-libc.fplib
                0x000000000000124a        0xa /usr/lib/gcc/avr/4.7.2/../../../avr/lib/avr5/libm.a(addsf3.o)
                0x000000000000124a                __subsf3
                0x000000000000124c                __addsf3
 .text.avr-libc.fplib
                0x0000000000001254       0xc0 /usr/lib/gcc/avr/4.7.2/../../../avr/lib/avr5/libm.a(addsf3x.o)
                0x000000000000126e                __addsf3x
 .text.avr-libc.fplib
                0x0000000000001314        0x8 /usr/lib/gcc/avr/4.7.2/../../../avr/lib/avr5/libm.a(cmpsf2.o)
                0x0000000000001314                __lesf2
                0x0000000000001314                __nesf2
                0x0000000000001314                __eqsf2
                0x0000000000001314                __cmpsf2
                0x0000000000001314                __ltsf2
 .text.avr-libc.fplib
                0x000000000000131c        0x4 /usr/lib/gcc/avr/4.7.2/../../../avr/lib/avr5/libm.a(divsf3.o)
                0x000000000000131c                __divsf3
 .text.avr-libc.fplib
                0x0000000000001320       0xcc /usr/lib/gcc/avr/4.7.2/../../../avr/lib/avr5/libm.a(divsf3x.o)
                0x0000000000001336                __divsf3x
                0x000000000000133a                __divsf3_pse
 .text.avr-libc.fplib
                0x00000000000013ec        0xa /usr/lib/gcc/avr/4.7.2/../../../avr/lib/avr5/libm.a(fixsfsi.o)
                0x00000000000013ec                __fixsfsi
 .text.avr-libc.fplib
                0x00000000000013f6       0x58 /usr/lib/gcc/avr/4.7.2/../../../avr/lib/avr5/libm.a(fixunssfsi.o)
                0x00000000000013f6                __fixunssfsi
 .text.avr-libc.fplib
                0x000000000000144e       0x7a /usr/lib/gcc/avr/4.7.2/../../../avr/lib/avr5/libm.a(floatsisf.o)
                0x000000000000144e                __floatunsisf
                0x0000000000001452                __floatsisf
 .text.avr-libc.fplib
                0x00000000000014c8       0x48 /usr/lib/gcc/avr/4.7.2/../../../avr/lib/avr5/libm.a(fp_cmp.o)
                0x00000000000014c8                __fp_cmp
 .text.avr-libc.fplib
                0x0000000000001510        0xc /usr/lib/gcc/avr/4.7.2/../../../avr/lib/avr5/libm.a(fp_inf.o)
                0x0000000000001510                __fp_inf
 .text.avr-libc.fplib
                0x000000000000151c        0x6 /usr/lib/gcc/avr/4.7.2/../../../avr/lib/avr5/libm.a(fp_nan.o)
                0x000000000000151c                __fp_nan
 .text.avr-libc.fplib
                0x0000000000001522        0xe /usr/lib/gcc/avr/4.7.2/../../../avr/lib/avr5/libm.a(fp_pscA.o)
                0x0000000000001522                __fp_pscA
 .text.avr-libc.fplib
                0x0000000000001530        0xe /usr/lib/gcc/avr/4.7.2/../../../avr/lib/avr5/libm.a(fp_pscB.o)
                0x0000000000001530                __fp_pscB
 .text.avr-libc.fplib
                0x000000000000153e       0x22 /usr/lib/gcc/avr/4.7.2/../../../avr/lib/avr5/libm.a(fp_round.o)
                0x000000000000153e                __fp_round
 .text.avr-libc.fplib
                0x0000000000001560       0x44 /usr/lib/gcc/avr/4.7.2/../../../avr/lib/avr5/libm.a(fp_split3.o)
                0x0000000000001560                __fp_split3
                0x0000000000001570                __fp_splitA
 .text.avr-libc.fplib
                0x00000000000015a4        0xe /usr/lib/gcc/avr/4.7.2/../../../avr/lib/avr5/libm.a(fp_zero.o)
                0x00000000000015a4                __fp_zero
                0x00000000000015a6                __fp_szero
 .text.avr-libc.fplib
                0x00000000000015b2        0x8 /usr/lib/gcc/avr/4.7.2/../../../avr/lib/avr5/libm.a(gesf2.o)
                0x00000000000015b2                __gtsf2
                0x00000000000015b2                __gesf2
 .text.avr-libc.fplib
                0x00000000000015ba        0x4 /usr/lib/gcc/avr/4.7.2/../../../avr/lib/avr5/libm.a(mulsf3.o)
                0x00000000000015ba                __mulsf3
 .text.avr-libc.fplib
                0x00000000000015be       0xc2 /usr/lib/gcc/avr/4.7.2/../../../avr/lib/avr5/libm.a(mulsf3x.o)
                0x00000000000015d2                __mulsf3x
                0x00000000000015d6                __mulsf3_pse
 .text.libgcc.mul
                0x0000000000001680        0x0 /usr/lib/gcc/avr/4.7.2/avr5/libgcc.a(_prologue.o)
 .text.libgcc.div
                0x0000000000001680        0x0 /usr/lib/gcc/avr/4.7.2/avr5/libgcc.a(_prologue.o)
 .text.libgcc   0x0000000000001680        0x0 /usr/lib/gcc/avr/4.7.2/avr5/libgcc.a(_prologue.o)
 .text.libgcc.prologue
                0x0000000000001680       0x38 /usr/lib/gcc/avr/4.7.2/avr5/libgcc.a(_prologue.o)
                0x0000000000001680                __prologue_saves__
 .text.libgcc.builtins
                0x00000000000016b8        0x0 /usr/lib/gcc/avr/4.7.2/avr5/libgcc.a(_prologue.o)
 .text.libgcc.fmul
                0x00000000000016b8        0x0 /usr/lib/gcc/avr/4.7.2/avr5/libgcc.a(_prologue.o)
 .text.libgcc.mul
                0x00000000000016b8        0x0 /usr/lib/gcc/avr/4.7.2/avr5/libgcc.a(_epilogue.o)
 .text.libgcc.div
                0x00000000000016b8        0x0 /usr/lib/gcc/avr/4.7.2/avr5/libgcc.a(_epilogue.o)
 .text.libgcc   0x00000000000016b8        0x0 /usr/lib/gcc/avr/4.7.2/avr5/libgcc.a(_epilogue.o)
 .text.libgcc.prologue
                0x00000000000016b8       0x36 /usr/lib/gcc/avr/4.7.2/avr5/libgcc.a(_epilogue.o)
                0x00000000000016b8                __epilogue_restores__
 .text.libgcc.builtins
                0x00000000000016ee        0x0 /usr/lib/gcc/avr/4.7.2/avr5/libgcc.a(_epilogue.o)
 .text.libgcc.fmul
                0x00000000000016ee        0x0 /usr/lib/gcc/avr/4.7.2/avr5/libgcc.a(_epilogue.o)
 .text.libgcc.mul
                0x00000000000016ee        0x0 /usr/lib/gcc/avr/4.7.2/avr5/libgcc.a(_exit.o)
 .text.libgcc.div
                0x00000000000016ee        0x0 /usr/lib/gcc/avr/4.7.2/avr5/libgcc.a(_exit.o)
 .text.libgcc   0x00000000000016ee        0x0 /usr/lib/gcc/avr/4.7.2/avr5/libgcc.a(_exit.o)
 .text.libgcc.prologue
                0x00000000000016ee        0x0 /usr/lib/gcc/avr/4.7.2/avr5/libgcc.a(_exit.o)
 .text.libgcc.builtins
                0x00000000000016ee        0x0 /usr/lib/gcc/avr/4.7.2/avr5/libgcc.a(_exit.o)
 .text.libgcc.fmul
                0x00000000000016ee        0x0 /usr/lib/gcc/avr/4.7.2/avr5/libgcc.a(_exit.o)
 .text.libgcc.mul
                0x00000000000016ee        0x0 /usr/lib/gcc/avr/4.7.2/avr5/libgcc.a(_copy_data.o)
 .text.libgcc.div
                0x00000000000016ee        0x0 /usr/lib/gcc/avr/4.7.2/avr5/libgcc.a(_copy_data.o)
 .text.libgcc   0x00000000000016ee        0x0 /usr/lib/gcc/avr/4.7.2/avr5/libgcc.a(_copy_data.o)
 .text.libgcc.prologue
                0x00000000000016ee        0x0 /usr/lib/gcc/avr/4.7.2/avr5/libgcc.a(_copy_data.o)
 .text.libgcc.builtins
                0x00000000000016ee        0x0 /usr/lib/gcc/avr/4.7.2/avr5/libgcc.a(_copy_data.o)
 .text.libgcc.fmul
                0x00000000000016ee        0x0 /usr/lib/gcc/avr/4.7.2/avr5/libgcc.a(_copy_data.o)
 .text.libgcc.mul
                0x00000000000016ee        0x0 /usr/lib/gcc/avr/4.7.2/avr5/libgcc.a(_clear_bss.o)
 .text.libgcc.div
                0x00000000000016ee        0x0 /usr/lib/gcc/avr/4.7.2/avr5/libgcc.a(_clear_bss.o)
 .text.libgcc   0x00000000000016ee        0x0 /usr/lib/gcc/avr/4.7.2/avr5/libgcc.a(_clear_bss.o)
 .text.libgcc.prologue
                0x00000000000016ee        0x0 /usr/lib/gcc/avr/4.7.2/avr5/libgcc.a(_clear_bss.o)
 .text.libgcc.builtins
                0x00000000000016ee        0x0 /usr/lib/gcc/avr/4.7.2/avr5/libgcc.a(_clear_bss.o)
 .text.libgcc.fmul
                0x00000000000016ee        0x0 /usr/lib/gcc/avr/4.7.2/avr5/libgcc.a(_clear_bss.o)
 .text.avr-libc
                0x00000000000016ee      0x1b0 /usr/lib/gcc/avr/4.7.2/../../../avr/lib/avr5/libc.a(ftoa_engine.o)
                0x00000000000016ee                __ftoa_engine
 .text.avr-libc
                0x000000000000189e       0x16 /usr/lib/gcc/avr/4.7.2/../../../avr/lib/avr5/libc.a(strnlen_P.o)
                0x000000000000189e                strnlen_P
 .text.avr-libc
                0x00000000000018b4       0x16 /usr/lib/gcc/avr/4.7.2/../../../avr/lib/avr5/libc.a(strnlen.o)
                0x00000000000018b4                strnlen
 .text.avr-libc
                0x00000000000018ca       0x58 /usr/lib/gcc/avr/4.7.2/../../../avr/lib/avr5/libc.a(fputc.o)
                0x00000000000018ca                fputc
 .text.avr-libc
                0x0000000000001922       0x2e /usr/lib/gcc/avr/4.7.2/../../../avr/lib/avr5/libc.a(printf.o)
                0x0000000000001922                printf
 .text.avr-libc
                0x0000000000001950       0x5e /usr/lib/gcc/avr/4.7.2/../../../avr/lib/avr5/libc.a(puts.o)
                0x0000000000001950                puts
 .text.avr-libc
                0x00000000000019ae       0x64 /usr/lib/gcc/avr/4.7.2/../../../avr/lib/avr5/libc.a(snprintf.o)
                0x00000000000019ae                snprintf
 .text.avr-libc
                0x0000000000001a12       0xbc /usr/lib/gcc/avr/4.7.2/../../../avr/lib/avr5/libc.a(ultoa_invert.o)
                0x0000000000001a12                __ultoa_invert
                0x0000000000001ace                . = ALIGN (0x2)
 *(.fini9)
 .fini9         0x0000000000001ace        0x0 /usr/lib/gcc/avr/4.7.2/avr5/libgcc.a(_exit.o)
                0x0000000000001ace                exit
                0x0000000000001ace                _exit
 *(.fini9)
 *(.fini8)
 *(.fini8)
 *(.fini7)
 *(.fini7)
 *(.fini6)
 *(.fini6)
 *(.fini5)
 *(.fini5)
 *(.fini4)
 *(.fini4)
 *(.fini3)
 *(.fini3)
 *(.fini2)
 *(.fini2)
 *(.fini1)
 *(.fini1)
 *(.fini0)
 .fini0         0x0000000000001ace        0x4 /usr/lib/gcc/avr/4.7.2/avr5/libgcc.a(_exit.o)
 *(.fini0)
                0x0000000000001ad2                _etext = .

.data           0x0000000000800100       0xbc load address 0x0000000000001ad2
                0x0000000000800100                PROVIDE (__data_start, .)
 *(.data)
 .data          0x0000000000800100        0x0 /usr/lib/gcc/avr/4.7.2/../../../avr/lib/avr5/crtm328p.o
 .data          0x0000000000800100       0x30 main.o
                0x0000000000800100                Consigne
                0x0000000000800102                line2
                0x0000000000800112                line1
                0x0000000000800122                uart_output
 .data          0x0000000000800130       0x2c lcd.o
                0x0000000000800130                program_date
                0x000000000080013d                program_version
                0x000000000080014e                program_author
 .data          0x000000000080015c        0x0 /usr/lib/gcc/avr/4.7.2/../../../avr/lib/avr5/libprintf_flt.a(vfprintf_flt.o)
 .data          0x000000000080015c        0x0 /usr/lib/gcc/avr/4.7.2/../../../avr/lib/avr5/libm.a(addsf3.o)
 .data          0x000000000080015c        0x0 /usr/lib/gcc/avr/4.7.2/../../../avr/lib/avr5/libm.a(addsf3x.o)
 .data          0x000000000080015c        0x0 /usr/lib/gcc/avr/4.7.2/../../../avr/lib/avr5/libm.a(cmpsf2.o)
 .data          0x000000000080015c        0x0 /usr/lib/gcc/avr/4.7.2/../../../avr/lib/avr5/libm.a(divsf3.o)
 .data          0x000000000080015c        0x0 /usr/lib/gcc/avr/4.7.2/../../../avr/lib/avr5/libm.a(divsf3x.o)
 .data          0x000000000080015c        0x0 /usr/lib/gcc/avr/4.7.2/../../../avr/lib/avr5/libm.a(fixsfsi.o)
 .data          0x000000000080015c        0x0 /usr/lib/gcc/avr/4.7.2/../../../avr/lib/avr5/libm.a(fixunssfsi.o)
 .data          0x000000000080015c        0x0 /usr/lib/gcc/avr/4.7.2/../../../avr/lib/avr5/libm.a(floatsisf.o)
 .data          0x000000000080015c        0x0 /usr/lib/gcc/avr/4.7.2/../../../avr/lib/avr5/libm.a(fp_cmp.o)
 .data          0x000000000080015c        0x0 /usr/lib/gcc/avr/4.7.2/../../../avr/lib/avr5/libm.a(fp_inf.o)
 .data          0x000000000080015c        0x0 /usr/lib/gcc/avr/4.7.2/../../../avr/lib/avr5/libm.a(fp_nan.o)
 .data          0x000000000080015c        0x0 /usr/lib/gcc/avr/4.7.2/../../../avr/lib/avr5/libm.a(fp_pscA.o)
 .data          0x000000000080015c        0x0 /usr/lib/gcc/avr/4.7.2/../../../avr/lib/avr5/libm.a(fp_pscB.o)
 .data          0x000000000080015c        0x0 /usr/lib/gcc/avr/4.7.2/../../../avr/lib/avr5/libm.a(fp_round.o)
 .data          0x000000000080015c        0x0 /usr/lib/gcc/avr/4.7.2/../../../avr/lib/avr5/libm.a(fp_split3.o)
 .data          0x000000000080015c        0x0 /usr/lib/gcc/avr/4.7.2/../../../avr/lib/avr5/libm.a(fp_zero.o)
 .data          0x000000000080015c        0x0 /usr/lib/gcc/avr/4.7.2/../../../avr/lib/avr5/libm.a(gesf2.o)
 .data          0x000000000080015c        0x0 /usr/lib/gcc/avr/4.7.2/../../../avr/lib/avr5/libm.a(mulsf3.o)
 .data          0x000000000080015c        0x0 /usr/lib/gcc/avr/4.7.2/../../../avr/lib/avr5/libm.a(mulsf3x.o)
 .data          0x000000000080015c        0x0 /usr/lib/gcc/avr/4.7.2/avr5/libgcc.a(_prologue.o)
 .data          0x000000000080015c        0x0 /usr/lib/gcc/avr/4.7.2/avr5/libgcc.a(_epilogue.o)
 .data          0x000000000080015c        0x0 /usr/lib/gcc/avr/4.7.2/avr5/libgcc.a(_exit.o)
 .data          0x000000000080015c        0x0 /usr/lib/gcc/avr/4.7.2/avr5/libgcc.a(_copy_data.o)
 .data          0x000000000080015c        0x0 /usr/lib/gcc/avr/4.7.2/avr5/libgcc.a(_clear_bss.o)
 .data          0x000000000080015c        0x0 /usr/lib/gcc/avr/4.7.2/../../../avr/lib/avr5/libc.a(ftoa_engine.o)
 .data          0x000000000080015c        0x0 /usr/lib/gcc/avr/4.7.2/../../../avr/lib/avr5/libc.a(strnlen_P.o)
 .data          0x000000000080015c        0x0 /usr/lib/gcc/avr/4.7.2/../../../avr/lib/avr5/libc.a(strnlen.o)
 .data          0x000000000080015c        0x0 /usr/lib/gcc/avr/4.7.2/../../../avr/lib/avr5/libc.a(fputc.o)
 .data          0x000000000080015c        0x0 /usr/lib/gcc/avr/4.7.2/../../../avr/lib/avr5/libc.a(iob.o)
 .data          0x000000000080015c        0x0 /usr/lib/gcc/avr/4.7.2/../../../avr/lib/avr5/libc.a(printf.o)
 .data          0x000000000080015c        0x0 /usr/lib/gcc/avr/4.7.2/../../../avr/lib/avr5/libc.a(puts.o)
 .data          0x000000000080015c        0x0 /usr/lib/gcc/avr/4.7.2/../../../avr/lib/avr5/libc.a(snprintf.o)
 .data          0x000000000080015c        0x0 /usr/lib/gcc/avr/4.7.2/../../../avr/lib/avr5/libc.a(ultoa_invert.o)
 *(.data*)
 *(.rodata)
 *(.rodata*)
 .rodata.str1.1
                0x000000000080015c       0x5f main.o
 *(.gnu.linkonce.d*)
                0x00000000008001bc                . = ALIGN (0x2)
 *fill*         0x00000000008001bb        0x1 00
                0x00000000008001bc                _edata = .
                0x00000000008001bc                PROVIDE (__data_end, .)

.bss            0x00000000008001bc       0x46
                0x00000000008001bc                PROVIDE (__bss_start, .)
 *(.bss)
 .bss           0x00000000008001bc        0x0 /usr/lib/gcc/avr/4.7.2/../../../avr/lib/avr5/crtm328p.o
 .bss           0x00000000008001bc        0xc main.o
                0x00000000008001bc                last_display_update_ms
                0x00000000008001c0                counts
                0x00000000008001c2                flag_change_consigne
                0x00000000008001c3                state
 .bss           0x00000000008001c8        0x0 lcd.o
 .bss           0x00000000008001c8        0x0 /usr/lib/gcc/avr/4.7.2/../../../avr/lib/avr5/libprintf_flt.a(vfprintf_flt.o)
 .bss           0x00000000008001c8        0x0 /usr/lib/gcc/avr/4.7.2/../../../avr/lib/avr5/libm.a(addsf3.o)
 .bss           0x00000000008001c8        0x0 /usr/lib/gcc/avr/4.7.2/../../../avr/lib/avr5/libm.a(addsf3x.o)
 .bss           0x00000000008001c8        0x0 /usr/lib/gcc/avr/4.7.2/../../../avr/lib/avr5/libm.a(cmpsf2.o)
 .bss           0x00000000008001c8        0x0 /usr/lib/gcc/avr/4.7.2/../../../avr/lib/avr5/libm.a(divsf3.o)
 .bss           0x00000000008001c8        0x0 /usr/lib/gcc/avr/4.7.2/../../../avr/lib/avr5/libm.a(divsf3x.o)
 .bss           0x00000000008001c8        0x0 /usr/lib/gcc/avr/4.7.2/../../../avr/lib/avr5/libm.a(fixsfsi.o)
 .bss           0x00000000008001c8        0x0 /usr/lib/gcc/avr/4.7.2/../../../avr/lib/avr5/libm.a(fixunssfsi.o)
 .bss           0x00000000008001c8        0x0 /usr/lib/gcc/avr/4.7.2/../../../avr/lib/avr5/libm.a(floatsisf.o)
 .bss           0x00000000008001c8        0x0 /usr/lib/gcc/avr/4.7.2/../../../avr/lib/avr5/libm.a(fp_cmp.o)
 .bss           0x00000000008001c8        0x0 /usr/lib/gcc/avr/4.7.2/../../../avr/lib/avr5/libm.a(fp_inf.o)
 .bss           0x00000000008001c8        0x0 /usr/lib/gcc/avr/4.7.2/../../../avr/lib/avr5/libm.a(fp_nan.o)
 .bss           0x00000000008001c8        0x0 /usr/lib/gcc/avr/4.7.2/../../../avr/lib/avr5/libm.a(fp_pscA.o)
 .bss           0x00000000008001c8        0x0 /usr/lib/gcc/avr/4.7.2/../../../avr/lib/avr5/libm.a(fp_pscB.o)
 .bss           0x00000000008001c8        0x0 /usr/lib/gcc/avr/4.7.2/../../../avr/lib/avr5/libm.a(fp_round.o)
 .bss           0x00000000008001c8        0x0 /usr/lib/gcc/avr/4.7.2/../../../avr/lib/avr5/libm.a(fp_split3.o)
 .bss           0x00000000008001c8        0x0 /usr/lib/gcc/avr/4.7.2/../../../avr/lib/avr5/libm.a(fp_zero.o)
 .bss           0x00000000008001c8        0x0 /usr/lib/gcc/avr/4.7.2/../../../avr/lib/avr5/libm.a(gesf2.o)
 .bss           0x00000000008001c8        0x0 /usr/lib/gcc/avr/4.7.2/../../../avr/lib/avr5/libm.a(mulsf3.o)
 .bss           0x00000000008001c8        0x0 /usr/lib/gcc/avr/4.7.2/../../../avr/lib/avr5/libm.a(mulsf3x.o)
 .bss           0x00000000008001c8        0x0 /usr/lib/gcc/avr/4.7.2/avr5/libgcc.a(_prologue.o)
 .bss           0x00000000008001c8        0x0 /usr/lib/gcc/avr/4.7.2/avr5/libgcc.a(_epilogue.o)
 .bss           0x00000000008001c8        0x0 /usr/lib/gcc/avr/4.7.2/avr5/libgcc.a(_exit.o)
 .bss           0x00000000008001c8        0x0 /usr/lib/gcc/avr/4.7.2/avr5/libgcc.a(_copy_data.o)
 .bss           0x00000000008001c8        0x0 /usr/lib/gcc/avr/4.7.2/avr5/libgcc.a(_clear_bss.o)
 .bss           0x00000000008001c8        0x0 /usr/lib/gcc/avr/4.7.2/../../../avr/lib/avr5/libc.a(ftoa_engine.o)
 .bss           0x00000000008001c8        0x0 /usr/lib/gcc/avr/4.7.2/../../../avr/lib/avr5/libc.a(strnlen_P.o)
 .bss           0x00000000008001c8        0x0 /usr/lib/gcc/avr/4.7.2/../../../avr/lib/avr5/libc.a(strnlen.o)
 .bss           0x00000000008001c8        0x0 /usr/lib/gcc/avr/4.7.2/../../../avr/lib/avr5/libc.a(fputc.o)
 .bss           0x00000000008001c8        0x0 /usr/lib/gcc/avr/4.7.2/../../../avr/lib/avr5/libc.a(iob.o)
 .bss           0x00000000008001c8        0x0 /usr/lib/gcc/avr/4.7.2/../../../avr/lib/avr5/libc.a(printf.o)
 .bss           0x00000000008001c8        0x0 /usr/lib/gcc/avr/4.7.2/../../../avr/lib/avr5/libc.a(puts.o)
 .bss           0x00000000008001c8        0x0 /usr/lib/gcc/avr/4.7.2/../../../avr/lib/avr5/libc.a(snprintf.o)
 .bss           0x00000000008001c8        0x0 /usr/lib/gcc/avr/4.7.2/../../../avr/lib/avr5/libc.a(ultoa_invert.o)
 *(.bss*)
 *(COMMON)
 COMMON         0x00000000008001c8       0x34 main.o
                0x00000000008001c8                KD
                0x00000000008001cc                old_time
                0x00000000008001d0                derivative
                0x00000000008001d4                KP
                0x00000000008001d8                new_error
                0x00000000008001dc                command
                0x00000000008001e0                new_time
                0x00000000008001e4                old_error
                0x00000000008001e8                time
                0x00000000008001ec                sec
                0x00000000008001f0                dt
                0x00000000008001f4                KI
                0x00000000008001f8                integral
 COMMON         0x00000000008001fc        0x6 /usr/lib/gcc/avr/4.7.2/../../../avr/lib/avr5/libc.a(iob.o)
                0x00000000008001fc                __iob
                0x0000000000800202                PROVIDE (__bss_end, .)
                0x0000000000001ad2                __data_load_start = LOADADDR (.data)
                0x0000000000001b8e                __data_load_end = (__data_load_start + SIZEOF (.data))

.noinit         0x0000000000800202        0x0
                0x0000000000800202                PROVIDE (__noinit_start, .)
 *(.noinit*)
                0x0000000000800202                PROVIDE (__noinit_end, .)
                0x0000000000800202                _end = .
                0x0000000000800202                PROVIDE (__heap_start, .)

.eeprom         0x0000000000810000        0x0
 *(.eeprom*)
                0x0000000000810000                __eeprom_end = .

.fuse
 *(.fuse)
 *(.lfuse)
 *(.hfuse)
 *(.efuse)

.lock
 *(.lock*)

.signature
 *(.signature*)

.stab           0x0000000000000000     0x5034
 *(.stab)
 .stab          0x0000000000000000      0x6cc /usr/lib/gcc/avr/4.7.2/../../../avr/lib/avr5/crtm328p.o
 .stab          0x00000000000006cc     0x12fc /usr/lib/gcc/avr/4.7.2/../../../avr/lib/avr5/libprintf_flt.a(vfprintf_flt.o)
                                       0x1308 (size before relaxing)
 .stab          0x00000000000019c8       0x78 /usr/lib/gcc/avr/4.7.2/../../../avr/lib/avr5/libm.a(addsf3.o)
                                         0x84 (size before relaxing)
 .stab          0x0000000000001a40      0x4bc /usr/lib/gcc/avr/4.7.2/../../../avr/lib/avr5/libm.a(addsf3x.o)
                                        0x4c8 (size before relaxing)
 .stab          0x0000000000001efc       0x90 /usr/lib/gcc/avr/4.7.2/../../../avr/lib/avr5/libm.a(cmpsf2.o)
                                         0x9c (size before relaxing)
 .stab          0x0000000000001f8c       0x48 /usr/lib/gcc/avr/4.7.2/../../../avr/lib/avr5/libm.a(divsf3.o)
                                         0x54 (size before relaxing)
 .stab          0x0000000000001fd4      0x510 /usr/lib/gcc/avr/4.7.2/../../../avr/lib/avr5/libm.a(divsf3x.o)
                                        0x51c (size before relaxing)
 .stab          0x00000000000024e4       0x6c /usr/lib/gcc/avr/4.7.2/../../../avr/lib/avr5/libm.a(fixsfsi.o)
                                         0x78 (size before relaxing)
 .stab          0x0000000000002550      0x240 /usr/lib/gcc/avr/4.7.2/../../../avr/lib/avr5/libm.a(fixunssfsi.o)
                                        0x24c (size before relaxing)
 .stab          0x0000000000002790      0x318 /usr/lib/gcc/avr/4.7.2/../../../avr/lib/avr5/libm.a(floatsisf.o)
                                        0x324 (size before relaxing)
 .stab          0x0000000000002aa8      0x1e0 /usr/lib/gcc/avr/4.7.2/../../../avr/lib/avr5/libm.a(fp_cmp.o)
                                        0x1ec (size before relaxing)
 .stab          0x0000000000002c88       0x78 /usr/lib/gcc/avr/4.7.2/../../../avr/lib/avr5/libm.a(fp_inf.o)
                                         0x84 (size before relaxing)
 .stab          0x0000000000002d00       0x54 /usr/lib/gcc/avr/4.7.2/../../../avr/lib/avr5/libm.a(fp_nan.o)
                                         0x60 (size before relaxing)
 .stab          0x0000000000002d54       0x84 /usr/lib/gcc/avr/4.7.2/../../../avr/lib/avr5/libm.a(fp_pscA.o)
                                         0x90 (size before relaxing)
 .stab          0x0000000000002dd8       0x84 /usr/lib/gcc/avr/4.7.2/../../../avr/lib/avr5/libm.a(fp_pscB.o)
                                         0x90 (size before relaxing)
 .stab          0x0000000000002e5c       0xfc /usr/lib/gcc/avr/4.7.2/../../../avr/lib/avr5/libm.a(fp_round.o)
                                        0x108 (size before relaxing)
 .stab          0x0000000000002f58      0x1d4 /usr/lib/gcc/avr/4.7.2/../../../avr/lib/avr5/libm.a(fp_split3.o)
                                        0x1e0 (size before relaxing)
 .stab          0x000000000000312c       0x90 /usr/lib/gcc/avr/4.7.2/../../../avr/lib/avr5/libm.a(fp_zero.o)
                                         0x9c (size before relaxing)
 .stab          0x00000000000031bc       0x6c /usr/lib/gcc/avr/4.7.2/../../../avr/lib/avr5/libm.a(gesf2.o)
                                         0x78 (size before relaxing)
 .stab          0x0000000000003228       0x48 /usr/lib/gcc/avr/4.7.2/../../../avr/lib/avr5/libm.a(mulsf3.o)
                                         0x54 (size before relaxing)
 .stab          0x0000000000003270      0x4d4 /usr/lib/gcc/avr/4.7.2/../../../avr/lib/avr5/libm.a(mulsf3x.o)
                                        0x4e0 (size before relaxing)
 .stab          0x0000000000003744      0xa38 /usr/lib/gcc/avr/4.7.2/../../../avr/lib/avr5/libc.a(ftoa_engine.o)
                                        0xa44 (size before relaxing)
 .stab          0x000000000000417c       0x9c /usr/lib/gcc/avr/4.7.2/../../../avr/lib/avr5/libc.a(strnlen_P.o)
                                         0xa8 (size before relaxing)
 .stab          0x0000000000004218       0x9c /usr/lib/gcc/avr/4.7.2/../../../avr/lib/avr5/libc.a(strnlen.o)
                                         0xa8 (size before relaxing)
 .stab          0x00000000000042b4      0x1d4 /usr/lib/gcc/avr/4.7.2/../../../avr/lib/avr5/libc.a(fputc.o)
                                        0x3b4 (size before relaxing)
 .stab          0x0000000000004488      0x12c /usr/lib/gcc/avr/4.7.2/../../../avr/lib/avr5/libc.a(iob.o)
                                        0x30c (size before relaxing)
 .stab          0x00000000000045b4      0x1bc /usr/lib/gcc/avr/4.7.2/../../../avr/lib/avr5/libc.a(printf.o)
                                        0x39c (size before relaxing)
 .stab          0x0000000000004770      0x204 /usr/lib/gcc/avr/4.7.2/../../../avr/lib/avr5/libc.a(puts.o)
                                        0x3e4 (size before relaxing)
 .stab          0x0000000000004974      0x240 /usr/lib/gcc/avr/4.7.2/../../../avr/lib/avr5/libc.a(snprintf.o)
                                        0x420 (size before relaxing)
 .stab          0x0000000000004bb4      0x480 /usr/lib/gcc/avr/4.7.2/../../../avr/lib/avr5/libc.a(ultoa_invert.o)
                                        0x48c (size before relaxing)

.stabstr        0x0000000000000000      0xfb6
 *(.stabstr)
 .stabstr       0x0000000000000000      0xfb6 /usr/lib/gcc/avr/4.7.2/../../../avr/lib/avr5/crtm328p.o

.stab.excl
 *(.stab.excl)

.stab.exclstr
 *(.stab.exclstr)

.stab.index
 *(.stab.index)

.stab.indexstr
 *(.stab.indexstr)

.comment        0x0000000000000000       0x22
 *(.comment)
 .comment       0x0000000000000000       0x11 main.o
                                         0x12 (size before relaxing)
 .comment       0x0000000000000000       0x12 lcd.o
 .comment       0x0000000000000011       0x11 /usr/lib/gcc/avr/4.7.2/../../../avr/lib/avr5/libprintf_flt.a(vfprintf_flt.o)
                                         0x12 (size before relaxing)
 .comment       0x0000000000000000       0x12 /usr/lib/gcc/avr/4.7.2/../../../avr/lib/avr5/libc.a(fputc.o)
 .comment       0x0000000000000000       0x12 /usr/lib/gcc/avr/4.7.2/../../../avr/lib/avr5/libc.a(iob.o)
 .comment       0x0000000000000000       0x12 /usr/lib/gcc/avr/4.7.2/../../../avr/lib/avr5/libc.a(printf.o)
 .comment       0x0000000000000000       0x12 /usr/lib/gcc/avr/4.7.2/../../../avr/lib/avr5/libc.a(puts.o)
 .comment       0x0000000000000000       0x12 /usr/lib/gcc/avr/4.7.2/../../../avr/lib/avr5/libc.a(snprintf.o)

.debug
 *(.debug)

.line
 *(.line)

.debug_srcinfo
 *(.debug_srcinfo)

.debug_sfnames
 *(.debug_sfnames)

.debug_aranges  0x0000000000000000       0x48
 *(.debug_aranges)
 .debug_aranges
                0x0000000000000000       0x28 main.o
 .debug_aranges
                0x0000000000000028       0x20 lcd.o

.debug_pubnames
 *(.debug_pubnames)

.debug_info     0x0000000000000000     0x116a
 *(.debug_info)
 .debug_info    0x0000000000000000      0x988 main.o
 .debug_info    0x0000000000000988      0x7e2 lcd.o
 *(.gnu.linkonce.wi.*)

.debug_abbrev   0x0000000000000000      0x59d
 *(.debug_abbrev)
 .debug_abbrev  0x0000000000000000      0x39c main.o
 .debug_abbrev  0x000000000000039c      0x201 lcd.o

.debug_line     0x0000000000000000      0x3b1
 *(.debug_line)
 .debug_line    0x0000000000000000      0x21d main.o
 .debug_line    0x000000000000021d      0x194 lcd.o

.debug_frame    0x0000000000000000      0x25c
 *(.debug_frame)
 .debug_frame   0x0000000000000000      0x1ac main.o
 .debug_frame   0x00000000000001ac       0xb0 lcd.o

.debug_str      0x0000000000000000      0x3c0
 *(.debug_str)
 .debug_str     0x0000000000000000      0x336 main.o
                                        0x39b (size before relaxing)
 .debug_str     0x0000000000000336       0x8a lcd.o
                                        0x1ec (size before relaxing)

.debug_loc      0x0000000000000000      0x53a
 *(.debug_loc)
 .debug_loc     0x0000000000000000      0x35a main.o
 .debug_loc     0x000000000000035a      0x1e0 lcd.o

.debug_macinfo
 *(.debug_macinfo)
OUTPUT(main.elf elf32-avr)
LOAD linker stubs

.debug_ranges   0x0000000000000000       0x18
 .debug_ranges  0x0000000000000000       0x18 main.o

Cross Reference Table

Symbol                                            File
Consigne                                          main.o
KD                                                main.o
KI                                                main.o
KP                                                main.o
__addsf3                                          /usr/lib/gcc/avr/4.7.2/../../../avr/lib/avr5/libm.a(addsf3.o)
                                                  main.o
__addsf3x                                         /usr/lib/gcc/avr/4.7.2/../../../avr/lib/avr5/libm.a(addsf3x.o)
                                                  /usr/lib/gcc/avr/4.7.2/../../../avr/lib/avr5/libm.a(addsf3.o)
__bad_interrupt                                   /usr/lib/gcc/avr/4.7.2/../../../avr/lib/avr5/crtm328p.o
__bss_end                                         /usr/lib/gcc/avr/4.7.2/avr5/libgcc.a(_clear_bss.o)
__bss_start                                       /usr/lib/gcc/avr/4.7.2/avr5/libgcc.a(_clear_bss.o)
__cmpsf2                                          /usr/lib/gcc/avr/4.7.2/../../../avr/lib/avr5/libm.a(cmpsf2.o)
__data_end                                        /usr/lib/gcc/avr/4.7.2/avr5/libgcc.a(_copy_data.o)
__data_load_start                                 /usr/lib/gcc/avr/4.7.2/avr5/libgcc.a(_copy_data.o)
__data_start                                      /usr/lib/gcc/avr/4.7.2/avr5/libgcc.a(_copy_data.o)
__divsf3                                          /usr/lib/gcc/avr/4.7.2/../../../avr/lib/avr5/libm.a(divsf3.o)
                                                  main.o
__divsf3_pse                                      /usr/lib/gcc/avr/4.7.2/../../../avr/lib/avr5/libm.a(divsf3x.o)
__divsf3x                                         /usr/lib/gcc/avr/4.7.2/../../../avr/lib/avr5/libm.a(divsf3x.o)
                                                  /usr/lib/gcc/avr/4.7.2/../../../avr/lib/avr5/libm.a(divsf3.o)
__do_clear_bss                                    /usr/lib/gcc/avr/4.7.2/avr5/libgcc.a(_clear_bss.o)
                                                  /usr/lib/gcc/avr/4.7.2/../../../avr/lib/avr5/libc.a(iob.o)
                                                  main.o
__do_copy_data                                    /usr/lib/gcc/avr/4.7.2/avr5/libgcc.a(_copy_data.o)
                                                  lcd.o
                                                  main.o
__epilogue_restores__                             /usr/lib/gcc/avr/4.7.2/avr5/libgcc.a(_epilogue.o)
                                                  /usr/lib/gcc/avr/4.7.2/../../../avr/lib/avr5/libc.a(snprintf.o)
                                                  /usr/lib/gcc/avr/4.7.2/../../../avr/lib/avr5/libc.a(printf.o)
                                                  /usr/lib/gcc/avr/4.7.2/../../../avr/lib/avr5/libprintf_flt.a(vfprintf_flt.o)
__eqsf2                                           /usr/lib/gcc/avr/4.7.2/../../../avr/lib/avr5/libm.a(cmpsf2.o)
__fixsfsi                                         /usr/lib/gcc/avr/4.7.2/../../../avr/lib/avr5/libm.a(fixsfsi.o)
                                                  main.o
__fixunssfsi                                      /usr/lib/gcc/avr/4.7.2/../../../avr/lib/avr5/libm.a(fixunssfsi.o)
                                                  /usr/lib/gcc/avr/4.7.2/../../../avr/lib/avr5/libm.a(fixsfsi.o)
__floatsisf                                       /usr/lib/gcc/avr/4.7.2/../../../avr/lib/avr5/libm.a(floatsisf.o)
                                                  main.o
__floatunsisf                                     /usr/lib/gcc/avr/4.7.2/../../../avr/lib/avr5/libm.a(floatsisf.o)
                                                  main.o
__fp_cmp                                          /usr/lib/gcc/avr/4.7.2/../../../avr/lib/avr5/libm.a(fp_cmp.o)
                                                  /usr/lib/gcc/avr/4.7.2/../../../avr/lib/avr5/libm.a(gesf2.o)
                                                  /usr/lib/gcc/avr/4.7.2/../../../avr/lib/avr5/libm.a(cmpsf2.o)
__fp_inf                                          /usr/lib/gcc/avr/4.7.2/../../../avr/lib/avr5/libm.a(fp_inf.o)
                                                  /usr/lib/gcc/avr/4.7.2/../../../avr/lib/avr5/libm.a(mulsf3x.o)
                                                  /usr/lib/gcc/avr/4.7.2/../../../avr/lib/avr5/libm.a(divsf3x.o)
                                                  /usr/lib/gcc/avr/4.7.2/../../../avr/lib/avr5/libm.a(addsf3x.o)
__fp_nan                                          /usr/lib/gcc/avr/4.7.2/../../../avr/lib/avr5/libm.a(fp_nan.o)
                                                  /usr/lib/gcc/avr/4.7.2/../../../avr/lib/avr5/libm.a(mulsf3x.o)
                                                  /usr/lib/gcc/avr/4.7.2/../../../avr/lib/avr5/libm.a(divsf3x.o)
                                                  /usr/lib/gcc/avr/4.7.2/../../../avr/lib/avr5/libm.a(addsf3x.o)
__fp_pscA                                         /usr/lib/gcc/avr/4.7.2/../../../avr/lib/avr5/libm.a(fp_pscA.o)
                                                  /usr/lib/gcc/avr/4.7.2/../../../avr/lib/avr5/libm.a(mulsf3x.o)
                                                  /usr/lib/gcc/avr/4.7.2/../../../avr/lib/avr5/libm.a(divsf3x.o)
                                                  /usr/lib/gcc/avr/4.7.2/../../../avr/lib/avr5/libm.a(addsf3x.o)
__fp_pscB                                         /usr/lib/gcc/avr/4.7.2/../../../avr/lib/avr5/libm.a(fp_pscB.o)
                                                  /usr/lib/gcc/avr/4.7.2/../../../avr/lib/avr5/libm.a(mulsf3x.o)
                                                  /usr/lib/gcc/avr/4.7.2/../../../avr/lib/avr5/libm.a(divsf3x.o)
                                                  /usr/lib/gcc/avr/4.7.2/../../../avr/lib/avr5/libm.a(addsf3x.o)
__fp_round                                        /usr/lib/gcc/avr/4.7.2/../../../avr/lib/avr5/libm.a(fp_round.o)
                                                  /usr/lib/gcc/avr/4.7.2/../../../avr/lib/avr5/libm.a(mulsf3.o)
                                                  /usr/lib/gcc/avr/4.7.2/../../../avr/lib/avr5/libm.a(divsf3.o)
                                                  /usr/lib/gcc/avr/4.7.2/../../../avr/lib/avr5/libm.a(addsf3.o)
__fp_split3                                       /usr/lib/gcc/avr/4.7.2/../../../avr/lib/avr5/libm.a(fp_split3.o)
                                                  /usr/lib/gcc/avr/4.7.2/../../../avr/lib/avr5/libm.a(mulsf3x.o)
                                                  /usr/lib/gcc/avr/4.7.2/../../../avr/lib/avr5/libm.a(divsf3x.o)
                                                  /usr/lib/gcc/avr/4.7.2/../../../avr/lib/avr5/libm.a(addsf3x.o)
__fp_splitA                                       /usr/lib/gcc/avr/4.7.2/../../../avr/lib/avr5/libm.a(fp_split3.o)
                                                  /usr/lib/gcc/avr/4.7.2/../../../avr/lib/avr5/libm.a(fixunssfsi.o)
__fp_szero                                        /usr/lib/gcc/avr/4.7.2/../../../avr/lib/avr5/libm.a(fp_zero.o)
                                                  /usr/lib/gcc/avr/4.7.2/../../../avr/lib/avr5/libm.a(mulsf3x.o)
                                                  /usr/lib/gcc/avr/4.7.2/../../../avr/lib/avr5/libm.a(fixsfsi.o)
                                                  /usr/lib/gcc/avr/4.7.2/../../../avr/lib/avr5/libm.a(divsf3x.o)
__fp_zero                                         /usr/lib/gcc/avr/4.7.2/../../../avr/lib/avr5/libm.a(fp_zero.o)
                                                  /usr/lib/gcc/avr/4.7.2/../../../avr/lib/avr5/libm.a(fixunssfsi.o)
                                                  /usr/lib/gcc/avr/4.7.2/../../../avr/lib/avr5/libm.a(addsf3x.o)
__ftoa_engine                                     /usr/lib/gcc/avr/4.7.2/../../../avr/lib/avr5/libc.a(ftoa_engine.o)
                                                  /usr/lib/gcc/avr/4.7.2/../../../avr/lib/avr5/libprintf_flt.a(vfprintf_flt.o)
__gesf2                                           /usr/lib/gcc/avr/4.7.2/../../../avr/lib/avr5/libm.a(gesf2.o)
                                                  main.o
__gtsf2                                           /usr/lib/gcc/avr/4.7.2/../../../avr/lib/avr5/libm.a(gesf2.o)
                                                  main.o
__heap_end                                        /usr/lib/gcc/avr/4.7.2/../../../avr/lib/avr5/crtm328p.o
__init                                            /usr/lib/gcc/avr/4.7.2/../../../avr/lib/avr5/crtm328p.o
__iob                                             /usr/lib/gcc/avr/4.7.2/../../../avr/lib/avr5/libc.a(puts.o)
                                                  /usr/lib/gcc/avr/4.7.2/../../../avr/lib/avr5/libc.a(printf.o)
                                                  /usr/lib/gcc/avr/4.7.2/../../../avr/lib/avr5/libc.a(iob.o)
                                                  main.o
__lesf2                                           /usr/lib/gcc/avr/4.7.2/../../../avr/lib/avr5/libm.a(cmpsf2.o)
__ltsf2                                           /usr/lib/gcc/avr/4.7.2/../../../avr/lib/avr5/libm.a(cmpsf2.o)
                                                  main.o
__mulsf3                                          /usr/lib/gcc/avr/4.7.2/../../../avr/lib/avr5/libm.a(mulsf3.o)
                                                  main.o
__mulsf3_pse                                      /usr/lib/gcc/avr/4.7.2/../../../avr/lib/avr5/libm.a(mulsf3x.o)
__mulsf3x                                         /usr/lib/gcc/avr/4.7.2/../../../avr/lib/avr5/libm.a(mulsf3x.o)
                                                  /usr/lib/gcc/avr/4.7.2/../../../avr/lib/avr5/libm.a(mulsf3.o)
__nesf2                                           /usr/lib/gcc/avr/4.7.2/../../../avr/lib/avr5/libm.a(cmpsf2.o)
__prologue_saves__                                /usr/lib/gcc/avr/4.7.2/avr5/libgcc.a(_prologue.o)
                                                  /usr/lib/gcc/avr/4.7.2/../../../avr/lib/avr5/libc.a(snprintf.o)
                                                  /usr/lib/gcc/avr/4.7.2/../../../avr/lib/avr5/libc.a(printf.o)
                                                  /usr/lib/gcc/avr/4.7.2/../../../avr/lib/avr5/libprintf_flt.a(vfprintf_flt.o)
__stack                                           /usr/lib/gcc/avr/4.7.2/../../../avr/lib/avr5/crtm328p.o
__subsf3                                          /usr/lib/gcc/avr/4.7.2/../../../avr/lib/avr5/libm.a(addsf3.o)
                                                  main.o
__ultoa_invert                                    /usr/lib/gcc/avr/4.7.2/../../../avr/lib/avr5/libc.a(ultoa_invert.o)
                                                  /usr/lib/gcc/avr/4.7.2/../../../avr/lib/avr5/libprintf_flt.a(vfprintf_flt.o)
__vector_1                                        /usr/lib/gcc/avr/4.7.2/../../../avr/lib/avr5/crtm328p.o
__vector_10                                       /usr/lib/gcc/avr/4.7.2/../../../avr/lib/avr5/crtm328p.o
__vector_11                                       /usr/lib/gcc/avr/4.7.2/../../../avr/lib/avr5/crtm328p.o
__vector_12                                       /usr/lib/gcc/avr/4.7.2/../../../avr/lib/avr5/crtm328p.o
__vector_13                                       /usr/lib/gcc/avr/4.7.2/../../../avr/lib/avr5/crtm328p.o
__vector_14                                       /usr/lib/gcc/avr/4.7.2/../../../avr/lib/avr5/crtm328p.o
__vector_15                                       /usr/lib/gcc/avr/4.7.2/../../../avr/lib/avr5/crtm328p.o
__vector_16                                       main.o
                                                  /usr/lib/gcc/avr/4.7.2/../../../avr/lib/avr5/crtm328p.o
__vector_17                                       /usr/lib/gcc/avr/4.7.2/../../../avr/lib/avr5/crtm328p.o
__vector_18                                       /usr/lib/gcc/avr/4.7.2/../../../avr/lib/avr5/crtm328p.o
__vector_19                                       /usr/lib/gcc/avr/4.7.2/../../../avr/lib/avr5/crtm328p.o
__vector_2                                        main.o
                                                  /usr/lib/gcc/avr/4.7.2/../../../avr/lib/avr5/crtm328p.o
__vector_20                                       /usr/lib/gcc/avr/4.7.2/../../../avr/lib/avr5/crtm328p.o
__vector_21                                       /usr/lib/gcc/avr/4.7.2/../../../avr/lib/avr5/crtm328p.o
__vector_22                                       /usr/lib/gcc/avr/4.7.2/../../../avr/lib/avr5/crtm328p.o
__vector_23                                       /usr/lib/gcc/avr/4.7.2/../../../avr/lib/avr5/crtm328p.o
__vector_24                                       /usr/lib/gcc/avr/4.7.2/../../../avr/lib/avr5/crtm328p.o
__vector_25                                       /usr/lib/gcc/avr/4.7.2/../../../avr/lib/avr5/crtm328p.o
__vector_3                                        /usr/lib/gcc/avr/4.7.2/../../../avr/lib/avr5/crtm328p.o
__vector_4                                        /usr/lib/gcc/avr/4.7.2/../../../avr/lib/avr5/crtm328p.o
__vector_5                                        /usr/lib/gcc/avr/4.7.2/../../../avr/lib/avr5/crtm328p.o
__vector_6                                        /usr/lib/gcc/avr/4.7.2/../../../avr/lib/avr5/crtm328p.o
__vector_7                                        /usr/lib/gcc/avr/4.7.2/../../../avr/lib/avr5/crtm328p.o
__vector_8                                        /usr/lib/gcc/avr/4.7.2/../../../avr/lib/avr5/crtm328p.o
__vector_9                                        /usr/lib/gcc/avr/4.7.2/../../../avr/lib/avr5/crtm328p.o
__vector_default                                  /usr/lib/gcc/avr/4.7.2/../../../avr/lib/avr5/crtm328p.o
__vectors                                         /usr/lib/gcc/avr/4.7.2/../../../avr/lib/avr5/crtm328p.o
_exit                                             /usr/lib/gcc/avr/4.7.2/avr5/libgcc.a(_exit.o)
adc_init                                          main.o
adc_read                                          main.o
command                                           main.o
counts                                            main.o
derivative                                        main.o
dt                                                main.o
enc_switch_state                                  main.o
encoder_init                                      main.o
exit                                              /usr/lib/gcc/avr/4.7.2/avr5/libgcc.a(_exit.o)
                                                  /usr/lib/gcc/avr/4.7.2/../../../avr/lib/avr5/crtm328p.o
flag_change_consigne                              main.o
fputc                                             /usr/lib/gcc/avr/4.7.2/../../../avr/lib/avr5/libc.a(fputc.o)
                                                  /usr/lib/gcc/avr/4.7.2/../../../avr/lib/avr5/libprintf_flt.a(vfprintf_flt.o)
get_counts                                        main.o
get_temp                                          main.o
hidden_main                                       lcd.o
integral                                          main.o
last_display_update_ms                            main.o
lcd_init_4d                                       lcd.o
                                                  main.o
lcd_write_4                                       lcd.o
lcd_write_character_4d                            lcd.o
lcd_write_instruction_4d                          lcd.o
                                                  main.o
lcd_write_string_4d                               lcd.o
                                                  main.o
line1                                             main.o
line2                                             main.o
main                                              main.o
                                                  /usr/lib/gcc/avr/4.7.2/../../../avr/lib/avr5/crtm328p.o
millis                                            main.o
new_error                                         main.o
new_line                                          lcd.o
                                                  main.o
new_time                                          main.o
old_error                                         main.o
old_time                                          main.o
printf                                            /usr/lib/gcc/avr/4.7.2/../../../avr/lib/avr5/libc.a(printf.o)
                                                  main.o
program_author                                    lcd.o
program_date                                      lcd.o
program_version                                   lcd.o
puts                                              /usr/lib/gcc/avr/4.7.2/../../../avr/lib/avr5/libc.a(puts.o)
                                                  main.o
sec                                               main.o
seconds                                           main.o
set_temp                                          main.o
snprintf                                          /usr/lib/gcc/avr/4.7.2/../../../avr/lib/avr5/libc.a(snprintf.o)
                                                  main.o
state                                             main.o
strnlen                                           /usr/lib/gcc/avr/4.7.2/../../../avr/lib/avr5/libc.a(strnlen.o)
                                                  /usr/lib/gcc/avr/4.7.2/../../../avr/lib/avr5/libprintf_flt.a(vfprintf_flt.o)
strnlen_P                                         /usr/lib/gcc/avr/4.7.2/../../../avr/lib/avr5/libc.a(strnlen_P.o)
                                                  /usr/lib/gcc/avr/4.7.2/../../../avr/lib/avr5/libprintf_flt.a(vfprintf_flt.o)
time                                              main.o
timer0_init                                       main.o
timer1_init                                       main.o
uart_getchar                                      main.o
uart_init                                         main.o
uart_output                                       main.o
uart_putchar                                      main.o
update_screen                                     main.o
vfprintf                                          /usr/lib/gcc/avr/4.7.2/../../../avr/lib/avr5/libprintf_flt.a(vfprintf_flt.o)
                                                  /usr/lib/gcc/avr/4.7.2/../../../avr/lib/avr5/libc.a(snprintf.o)
                                                  /usr/lib/gcc/avr/4.7.2/../../../avr/lib/avr5/libc.a(printf.o)
